---
source: tests/webhook/main.rs
expression: "format_issue_comment_created(&serde_json::from_str::<IssueCommentCreatedEvent>(contents).unwrap())"
---
[Codertocat](https://github.com/Codertocat) commented on [issue #1](https://github.com/Codertocat/Hello-World/issues/1) in [Hello-World](https://github.com/Codertocat/Hello-World)

**Title**: Spelling error in the README file
